2019/02/25 04:44:56 hello.go:362: Exit open fafavae: no such file or directory
2019/02/25 04:45:39 /Users/naoyaabe/go/src/github.com/gemcook/udemy-go/hello.go:362: Exit open fafavae: no such file or directory
